// Jest Snapshot v1, https://goo.gl/fbAQLP

exports[`the steps of bubbleSort() matches the previous snapshot 1`] = `
Array [
  Object {
    "aIndex": 1,
    "aValue": "z",
    "bIndex": 2,
    "bValue": "l",
  },
  Object {
    "aIndex": 2,
    "aValue": "z",
    "bIndex": 3,
    "bValue": "j",
  },
  Object {
    "aIndex": 3,
    "aValue": "z",
    "bIndex": 4,
    "bValue": "k",
  },
  Object {
    "aIndex": 4,
    "aValue": "z",
    "bIndex": 5,
    "bValue": "y",
  },
  Object {
    "aIndex": 5,
    "aValue": "z",
    "bIndex": 6,
    "bValue": "g",
  },
  Object {
    "aIndex": 6,
    "aValue": "z",
    "bIndex": 7,
    "bValue": "b",
  },
  Object {
    "aIndex": 7,
    "aValue": "z",
    "bIndex": 8,
    "bValue": "s",
  },
  Object {
    "aIndex": 8,
    "aValue": "z",
    "bIndex": 9,
    "bValue": "a",
  },
  Object {
    "aIndex": 9,
    "aValue": "z",
    "bIndex": 10,
    "bValue": "x",
  },
  Object {
    "aIndex": 10,
    "aValue": "z",
    "bIndex": 11,
    "bValue": "d",
  },
  Object {
    "aIndex": 11,
    "aValue": "z",
    "bIndex": 12,
    "bValue": "i",
  },
  Object {
    "aIndex": 12,
    "aValue": "z",
    "bIndex": 13,
    "bValue": "v",
  },
  Object {
    "aIndex": 13,
    "aValue": "z",
    "bIndex": 14,
    "bValue": "h",
  },
  Object {
    "aIndex": 14,
    "aValue": "z",
    "bIndex": 15,
    "bValue": "n",
  },
  Object {
    "aIndex": 15,
    "aValue": "z",
    "bIndex": 16,
    "bValue": "q",
  },
  Object {
    "aIndex": 16,
    "aValue": "z",
    "bIndex": 17,
    "bValue": "t",
  },
  Object {
    "aIndex": 17,
    "aValue": "z",
    "bIndex": 18,
    "bValue": "p",
  },
  Object {
    "aIndex": 18,
    "aValue": "z",
    "bIndex": 19,
    "bValue": "c",
  },
  Object {
    "aIndex": 19,
    "aValue": "z",
    "bIndex": 20,
    "bValue": "u",
  },
  Object {
    "aIndex": 20,
    "aValue": "z",
    "bIndex": 21,
    "bValue": "w",
  },
  Object {
    "aIndex": 21,
    "aValue": "z",
    "bIndex": 22,
    "bValue": "m",
  },
  Object {
    "aIndex": 22,
    "aValue": "z",
    "bIndex": 23,
    "bValue": "e",
  },
  Object {
    "aIndex": 23,
    "aValue": "z",
    "bIndex": 24,
    "bValue": "r",
  },
  Object {
    "aIndex": 24,
    "aValue": "z",
    "bIndex": 25,
    "bValue": "f",
  },
  Object {
    "aIndex": 0,
    "aValue": "o",
    "bIndex": 1,
    "bValue": "l",
  },
  Object {
    "aIndex": 1,
    "aValue": "o",
    "bIndex": 2,
    "bValue": "j",
  },
  Object {
    "aIndex": 2,
    "aValue": "o",
    "bIndex": 3,
    "bValue": "k",
  },
  Object {
    "aIndex": 4,
    "aValue": "y",
    "bIndex": 5,
    "bValue": "g",
  },
  Object {
    "aIndex": 5,
    "aValue": "y",
    "bIndex": 6,
    "bValue": "b",
  },
  Object {
    "aIndex": 6,
    "aValue": "y",
    "bIndex": 7,
    "bValue": "s",
  },
  Object {
    "aIndex": 7,
    "aValue": "y",
    "bIndex": 8,
    "bValue": "a",
  },
  Object {
    "aIndex": 8,
    "aValue": "y",
    "bIndex": 9,
    "bValue": "x",
  },
  Object {
    "aIndex": 9,
    "aValue": "y",
    "bIndex": 10,
    "bValue": "d",
  },
  Object {
    "aIndex": 10,
    "aValue": "y",
    "bIndex": 11,
    "bValue": "i",
  },
  Object {
    "aIndex": 11,
    "aValue": "y",
    "bIndex": 12,
    "bValue": "v",
  },
  Object {
    "aIndex": 12,
    "aValue": "y",
    "bIndex": 13,
    "bValue": "h",
  },
  Object {
    "aIndex": 13,
    "aValue": "y",
    "bIndex": 14,
    "bValue": "n",
  },
  Object {
    "aIndex": 14,
    "aValue": "y",
    "bIndex": 15,
    "bValue": "q",
  },
  Object {
    "aIndex": 15,
    "aValue": "y",
    "bIndex": 16,
    "bValue": "t",
  },
  Object {
    "aIndex": 16,
    "aValue": "y",
    "bIndex": 17,
    "bValue": "p",
  },
  Object {
    "aIndex": 17,
    "aValue": "y",
    "bIndex": 18,
    "bValue": "c",
  },
  Object {
    "aIndex": 18,
    "aValue": "y",
    "bIndex": 19,
    "bValue": "u",
  },
  Object {
    "aIndex": 19,
    "aValue": "y",
    "bIndex": 20,
    "bValue": "w",
  },
  Object {
    "aIndex": 20,
    "aValue": "y",
    "bIndex": 21,
    "bValue": "m",
  },
  Object {
    "aIndex": 21,
    "aValue": "y",
    "bIndex": 22,
    "bValue": "e",
  },
  Object {
    "aIndex": 22,
    "aValue": "y",
    "bIndex": 23,
    "bValue": "r",
  },
  Object {
    "aIndex": 23,
    "aValue": "y",
    "bIndex": 24,
    "bValue": "f",
  },
  Object {
    "aIndex": 0,
    "aValue": "l",
    "bIndex": 1,
    "bValue": "j",
  },
  Object {
    "aIndex": 1,
    "aValue": "l",
    "bIndex": 2,
    "bValue": "k",
  },
  Object {
    "aIndex": 3,
    "aValue": "o",
    "bIndex": 4,
    "bValue": "g",
  },
  Object {
    "aIndex": 4,
    "aValue": "o",
    "bIndex": 5,
    "bValue": "b",
  },
  Object {
    "aIndex": 6,
    "aValue": "s",
    "bIndex": 7,
    "bValue": "a",
  },
  Object {
    "aIndex": 8,
    "aValue": "x",
    "bIndex": 9,
    "bValue": "d",
  },
  Object {
    "aIndex": 9,
    "aValue": "x",
    "bIndex": 10,
    "bValue": "i",
  },
  Object {
    "aIndex": 10,
    "aValue": "x",
    "bIndex": 11,
    "bValue": "v",
  },
  Object {
    "aIndex": 11,
    "aValue": "x",
    "bIndex": 12,
    "bValue": "h",
  },
  Object {
    "aIndex": 12,
    "aValue": "x",
    "bIndex": 13,
    "bValue": "n",
  },
  Object {
    "aIndex": 13,
    "aValue": "x",
    "bIndex": 14,
    "bValue": "q",
  },
  Object {
    "aIndex": 14,
    "aValue": "x",
    "bIndex": 15,
    "bValue": "t",
  },
  Object {
    "aIndex": 15,
    "aValue": "x",
    "bIndex": 16,
    "bValue": "p",
  },
  Object {
    "aIndex": 16,
    "aValue": "x",
    "bIndex": 17,
    "bValue": "c",
  },
  Object {
    "aIndex": 17,
    "aValue": "x",
    "bIndex": 18,
    "bValue": "u",
  },
  Object {
    "aIndex": 18,
    "aValue": "x",
    "bIndex": 19,
    "bValue": "w",
  },
  Object {
    "aIndex": 19,
    "aValue": "x",
    "bIndex": 20,
    "bValue": "m",
  },
  Object {
    "aIndex": 20,
    "aValue": "x",
    "bIndex": 21,
    "bValue": "e",
  },
  Object {
    "aIndex": 21,
    "aValue": "x",
    "bIndex": 22,
    "bValue": "r",
  },
  Object {
    "aIndex": 22,
    "aValue": "x",
    "bIndex": 23,
    "bValue": "f",
  },
  Object {
    "aIndex": 2,
    "aValue": "l",
    "bIndex": 3,
    "bValue": "g",
  },
  Object {
    "aIndex": 3,
    "aValue": "l",
    "bIndex": 4,
    "bValue": "b",
  },
  Object {
    "aIndex": 5,
    "aValue": "o",
    "bIndex": 6,
    "bValue": "a",
  },
  Object {
    "aIndex": 7,
    "aValue": "s",
    "bIndex": 8,
    "bValue": "d",
  },
  Object {
    "aIndex": 8,
    "aValue": "s",
    "bIndex": 9,
    "bValue": "i",
  },
  Object {
    "aIndex": 10,
    "aValue": "v",
    "bIndex": 11,
    "bValue": "h",
  },
  Object {
    "aIndex": 11,
    "aValue": "v",
    "bIndex": 12,
    "bValue": "n",
  },
  Object {
    "aIndex": 12,
    "aValue": "v",
    "bIndex": 13,
    "bValue": "q",
  },
  Object {
    "aIndex": 13,
    "aValue": "v",
    "bIndex": 14,
    "bValue": "t",
  },
  Object {
    "aIndex": 14,
    "aValue": "v",
    "bIndex": 15,
    "bValue": "p",
  },
  Object {
    "aIndex": 15,
    "aValue": "v",
    "bIndex": 16,
    "bValue": "c",
  },
  Object {
    "aIndex": 16,
    "aValue": "v",
    "bIndex": 17,
    "bValue": "u",
  },
  Object {
    "aIndex": 18,
    "aValue": "w",
    "bIndex": 19,
    "bValue": "m",
  },
  Object {
    "aIndex": 19,
    "aValue": "w",
    "bIndex": 20,
    "bValue": "e",
  },
  Object {
    "aIndex": 20,
    "aValue": "w",
    "bIndex": 21,
    "bValue": "r",
  },
  Object {
    "aIndex": 21,
    "aValue": "w",
    "bIndex": 22,
    "bValue": "f",
  },
  Object {
    "aIndex": 1,
    "aValue": "k",
    "bIndex": 2,
    "bValue": "g",
  },
  Object {
    "aIndex": 2,
    "aValue": "k",
    "bIndex": 3,
    "bValue": "b",
  },
  Object {
    "aIndex": 4,
    "aValue": "l",
    "bIndex": 5,
    "bValue": "a",
  },
  Object {
    "aIndex": 6,
    "aValue": "o",
    "bIndex": 7,
    "bValue": "d",
  },
  Object {
    "aIndex": 7,
    "aValue": "o",
    "bIndex": 8,
    "bValue": "i",
  },
  Object {
    "aIndex": 9,
    "aValue": "s",
    "bIndex": 10,
    "bValue": "h",
  },
  Object {
    "aIndex": 10,
    "aValue": "s",
    "bIndex": 11,
    "bValue": "n",
  },
  Object {
    "aIndex": 11,
    "aValue": "s",
    "bIndex": 12,
    "bValue": "q",
  },
  Object {
    "aIndex": 13,
    "aValue": "t",
    "bIndex": 14,
    "bValue": "p",
  },
  Object {
    "aIndex": 14,
    "aValue": "t",
    "bIndex": 15,
    "bValue": "c",
  },
  Object {
    "aIndex": 17,
    "aValue": "v",
    "bIndex": 18,
    "bValue": "m",
  },
  Object {
    "aIndex": 18,
    "aValue": "v",
    "bIndex": 19,
    "bValue": "e",
  },
  Object {
    "aIndex": 19,
    "aValue": "v",
    "bIndex": 20,
    "bValue": "r",
  },
  Object {
    "aIndex": 20,
    "aValue": "v",
    "bIndex": 21,
    "bValue": "f",
  },
  Object {
    "aIndex": 0,
    "aValue": "j",
    "bIndex": 1,
    "bValue": "g",
  },
  Object {
    "aIndex": 1,
    "aValue": "j",
    "bIndex": 2,
    "bValue": "b",
  },
  Object {
    "aIndex": 3,
    "aValue": "k",
    "bIndex": 4,
    "bValue": "a",
  },
  Object {
    "aIndex": 5,
    "aValue": "l",
    "bIndex": 6,
    "bValue": "d",
  },
  Object {
    "aIndex": 6,
    "aValue": "l",
    "bIndex": 7,
    "bValue": "i",
  },
  Object {
    "aIndex": 8,
    "aValue": "o",
    "bIndex": 9,
    "bValue": "h",
  },
  Object {
    "aIndex": 9,
    "aValue": "o",
    "bIndex": 10,
    "bValue": "n",
  },
  Object {
    "aIndex": 12,
    "aValue": "s",
    "bIndex": 13,
    "bValue": "p",
  },
  Object {
    "aIndex": 13,
    "aValue": "s",
    "bIndex": 14,
    "bValue": "c",
  },
  Object {
    "aIndex": 16,
    "aValue": "u",
    "bIndex": 17,
    "bValue": "m",
  },
  Object {
    "aIndex": 17,
    "aValue": "u",
    "bIndex": 18,
    "bValue": "e",
  },
  Object {
    "aIndex": 18,
    "aValue": "u",
    "bIndex": 19,
    "bValue": "r",
  },
  Object {
    "aIndex": 19,
    "aValue": "u",
    "bIndex": 20,
    "bValue": "f",
  },
  Object {
    "aIndex": 0,
    "aValue": "g",
    "bIndex": 1,
    "bValue": "b",
  },
  Object {
    "aIndex": 2,
    "aValue": "j",
    "bIndex": 3,
    "bValue": "a",
  },
  Object {
    "aIndex": 4,
    "aValue": "k",
    "bIndex": 5,
    "bValue": "d",
  },
  Object {
    "aIndex": 5,
    "aValue": "k",
    "bIndex": 6,
    "bValue": "i",
  },
  Object {
    "aIndex": 7,
    "aValue": "l",
    "bIndex": 8,
    "bValue": "h",
  },
  Object {
    "aIndex": 11,
    "aValue": "q",
    "bIndex": 12,
    "bValue": "p",
  },
  Object {
    "aIndex": 12,
    "aValue": "q",
    "bIndex": 13,
    "bValue": "c",
  },
  Object {
    "aIndex": 15,
    "aValue": "t",
    "bIndex": 16,
    "bValue": "m",
  },
  Object {
    "aIndex": 16,
    "aValue": "t",
    "bIndex": 17,
    "bValue": "e",
  },
  Object {
    "aIndex": 17,
    "aValue": "t",
    "bIndex": 18,
    "bValue": "r",
  },
  Object {
    "aIndex": 18,
    "aValue": "t",
    "bIndex": 19,
    "bValue": "f",
  },
  Object {
    "aIndex": 1,
    "aValue": "g",
    "bIndex": 2,
    "bValue": "a",
  },
  Object {
    "aIndex": 3,
    "aValue": "j",
    "bIndex": 4,
    "bValue": "d",
  },
  Object {
    "aIndex": 4,
    "aValue": "j",
    "bIndex": 5,
    "bValue": "i",
  },
  Object {
    "aIndex": 6,
    "aValue": "k",
    "bIndex": 7,
    "bValue": "h",
  },
  Object {
    "aIndex": 11,
    "aValue": "p",
    "bIndex": 12,
    "bValue": "c",
  },
  Object {
    "aIndex": 14,
    "aValue": "s",
    "bIndex": 15,
    "bValue": "m",
  },
  Object {
    "aIndex": 15,
    "aValue": "s",
    "bIndex": 16,
    "bValue": "e",
  },
  Object {
    "aIndex": 16,
    "aValue": "s",
    "bIndex": 17,
    "bValue": "r",
  },
  Object {
    "aIndex": 17,
    "aValue": "s",
    "bIndex": 18,
    "bValue": "f",
  },
  Object {
    "aIndex": 0,
    "aValue": "b",
    "bIndex": 1,
    "bValue": "a",
  },
  Object {
    "aIndex": 2,
    "aValue": "g",
    "bIndex": 3,
    "bValue": "d",
  },
  Object {
    "aIndex": 5,
    "aValue": "j",
    "bIndex": 6,
    "bValue": "h",
  },
  Object {
    "aIndex": 10,
    "aValue": "o",
    "bIndex": 11,
    "bValue": "c",
  },
  Object {
    "aIndex": 13,
    "aValue": "q",
    "bIndex": 14,
    "bValue": "m",
  },
  Object {
    "aIndex": 14,
    "aValue": "q",
    "bIndex": 15,
    "bValue": "e",
  },
  Object {
    "aIndex": 16,
    "aValue": "r",
    "bIndex": 17,
    "bValue": "f",
  },
  Object {
    "aIndex": 4,
    "aValue": "i",
    "bIndex": 5,
    "bValue": "h",
  },
  Object {
    "aIndex": 9,
    "aValue": "n",
    "bIndex": 10,
    "bValue": "c",
  },
  Object {
    "aIndex": 12,
    "aValue": "p",
    "bIndex": 13,
    "bValue": "m",
  },
  Object {
    "aIndex": 13,
    "aValue": "p",
    "bIndex": 14,
    "bValue": "e",
  },
  Object {
    "aIndex": 15,
    "aValue": "q",
    "bIndex": 16,
    "bValue": "f",
  },
  Object {
    "aIndex": 8,
    "aValue": "l",
    "bIndex": 9,
    "bValue": "c",
  },
  Object {
    "aIndex": 11,
    "aValue": "o",
    "bIndex": 12,
    "bValue": "m",
  },
  Object {
    "aIndex": 12,
    "aValue": "o",
    "bIndex": 13,
    "bValue": "e",
  },
  Object {
    "aIndex": 14,
    "aValue": "p",
    "bIndex": 15,
    "bValue": "f",
  },
  Object {
    "aIndex": 7,
    "aValue": "k",
    "bIndex": 8,
    "bValue": "c",
  },
  Object {
    "aIndex": 10,
    "aValue": "n",
    "bIndex": 11,
    "bValue": "m",
  },
  Object {
    "aIndex": 11,
    "aValue": "n",
    "bIndex": 12,
    "bValue": "e",
  },
  Object {
    "aIndex": 13,
    "aValue": "o",
    "bIndex": 14,
    "bValue": "f",
  },
  Object {
    "aIndex": 6,
    "aValue": "j",
    "bIndex": 7,
    "bValue": "c",
  },
  Object {
    "aIndex": 10,
    "aValue": "m",
    "bIndex": 11,
    "bValue": "e",
  },
  Object {
    "aIndex": 12,
    "aValue": "n",
    "bIndex": 13,
    "bValue": "f",
  },
  Object {
    "aIndex": 5,
    "aValue": "i",
    "bIndex": 6,
    "bValue": "c",
  },
  Object {
    "aIndex": 9,
    "aValue": "l",
    "bIndex": 10,
    "bValue": "e",
  },
  Object {
    "aIndex": 11,
    "aValue": "m",
    "bIndex": 12,
    "bValue": "f",
  },
  Object {
    "aIndex": 4,
    "aValue": "h",
    "bIndex": 5,
    "bValue": "c",
  },
  Object {
    "aIndex": 8,
    "aValue": "k",
    "bIndex": 9,
    "bValue": "e",
  },
  Object {
    "aIndex": 10,
    "aValue": "l",
    "bIndex": 11,
    "bValue": "f",
  },
  Object {
    "aIndex": 3,
    "aValue": "g",
    "bIndex": 4,
    "bValue": "c",
  },
  Object {
    "aIndex": 7,
    "aValue": "j",
    "bIndex": 8,
    "bValue": "e",
  },
  Object {
    "aIndex": 9,
    "aValue": "k",
    "bIndex": 10,
    "bValue": "f",
  },
  Object {
    "aIndex": 2,
    "aValue": "d",
    "bIndex": 3,
    "bValue": "c",
  },
  Object {
    "aIndex": 6,
    "aValue": "i",
    "bIndex": 7,
    "bValue": "e",
  },
  Object {
    "aIndex": 8,
    "aValue": "j",
    "bIndex": 9,
    "bValue": "f",
  },
  Object {
    "aIndex": 5,
    "aValue": "h",
    "bIndex": 6,
    "bValue": "e",
  },
  Object {
    "aIndex": 7,
    "aValue": "i",
    "bIndex": 8,
    "bValue": "f",
  },
  Object {
    "aIndex": 4,
    "aValue": "g",
    "bIndex": 5,
    "bValue": "e",
  },
  Object {
    "aIndex": 6,
    "aValue": "h",
    "bIndex": 7,
    "bValue": "f",
  },
  Object {
    "aIndex": 5,
    "aValue": "g",
    "bIndex": 6,
    "bValue": "f",
  },
]
`;
