// Jest Snapshot v1, https://goo.gl/fbAQLP

exports[`binarySearch the step snapshot by binarySearch(target: "X") matches with the previous one 1`] = `
Array [
  Object {
    "middle": Object {
      "index": 28,
      "value": "X",
    },
    "searchRange": Object {
      "end": 56,
      "start": 0,
    },
  },
]
`;
